2026-09-11T13:23:22Z LOWLIGHT — The steward escalated: claimable backlog has no live claim or delegate process; every steward tick escalates independently of the seat runtime. (source: episode escalation-idle-backlog-dead-0dc9d28e50c8eea90507ad40d1833db957e02e47)
2026-09-11T13:33:25Z LOWLIGHT — The steward escalated: the goal ledger or journal cannot be read; refusing to guess. (source: episode escalation-degraded-0dc9d28e50c8eea90507ad40d1833db957e02e47)
2026-09-12T00:06:13Z LOWLIGHT — RAW-PAYLOAD (source: counselor-brief 20260912T000000Z-24h) bytes=13318
Counselor drift brief generated at 2026-09-12T00:06:13Z.
This brief reads durable records only, offers advice, and makes no decision or refusal.
Window rule: Each observation is a completed half-open Coordinated Universal Time calendar week that carries retained evidence, plus the most recently completed week; the active week is excluded.

Spend versus outcome compares completed governed and tracked run time with current-branch Git landings in the same window.
Cost: During 2026-07-13 through 2026-07-20 (end excluded), the governed run count was 0 with 0 minutes spent, and the retained tracked run count was 0 with 0 minutes spent.
Run outcomes during that window were governed green 0, red 0, ended unknown 0, and launch failed 0; retained tracked green 0, red 0, ended unknown 0, and launch failed 0.
Git landing count was 32, touching 265 files with 6120 text insertions; 0 binary files had no insertion count.
Cost: During 2026-07-27 through 2026-08-03 (end excluded), the governed run count was 0 with 0 minutes spent, and the retained tracked run count was 0 with 0 minutes spent.
Run outcomes during that window were governed green 0, red 0, ended unknown 0, and launch failed 0; retained tracked green 0, red 0, ended unknown 0, and launch failed 0.
Git landing count was 47, touching 143 files with 1926 text insertions; 0 binary files had no insertion count.
Cost: During 2026-08-03 through 2026-08-10 (end excluded), the governed run count was 0 with 0 minutes spent, and the retained tracked run count was 0 with 0 minutes spent.
Run outcomes during that window were governed green 0, red 0, ended unknown 0, and launch failed 0; retained tracked green 0, red 0, ended unknown 0, and launch failed 0.
Git landing count was 392, touching 1748 files with 108302 text insertions; 2 binary files had no insertion count.
Cost: During 2026-08-10 through 2026-08-17 (end excluded), the governed run count was 0 with 0 minutes spent, and the retained tracked run count was 0 with 0 minutes spent.
Run outcomes during that window were governed green 0, red 0, ended unknown 0, and launch failed 0; retained tracked green 0, red 0, ended unknown 0, and launch failed 0.
Git landing count was 666, touching 2909 files with 170580 text insertions; 0 binary files had no insertion count.
Cost: During 2026-08-17 through 2026-08-24 (end excluded), the governed run count was 0 with 0 minutes spent, and the retained tracked run count was 0 with 0 minutes spent.
Run outcomes during that window were governed green 0, red 0, ended unknown 0, and launch failed 0; retained tracked green 0, red 0, ended unknown 0, and launch failed 0.
Git landing count was 478, touching 2464 files with 101321 text insertions; 0 binary files had no insertion count.
Cost: During 2026-08-24 through 2026-08-31 (end excluded), the governed run count was 0 with 0 minutes spent, and the retained tracked run count was 0 with 0 minutes spent.
Run outcomes during that window were governed green 0, red 0, ended unknown 0, and launch failed 0; retained tracked green 0, red 0, ended unknown 0, and launch failed 0.
Git landing count was 816, touching 3070 files with 137836 text insertions; 0 binary files had no insertion count.
Cost: During 2026-08-31 through 2026-09-07 (end excluded), the governed run count was 0 with 0 minutes spent, and the retained tracked run count was 0 with 0 minutes spent.
Run outcomes during that window were governed green 0, red 0, ended unknown 0, and launch failed 0; retained tracked green 0, red 0, ended unknown 0, and launch failed 0.
Git landing count was 2127, touching 3976 files with 162320 text insertions; 0 binary files had no insertion count.
Limitation — Risk-class evidence: Current durable records carry landing counts and size but no landing risk class, so this signal reports spend versus outcome and makes no risk verdict. Enrichment: Record a risk class with each landing.
Limitation — Threshold history: Configuration exposes a current scalar validation-weight threshold, but durable run and landing records do not preserve which threshold was effective in each window, so the brief makes no threshold comparison. Enrichment: Record the effective threshold value and its source with each weight generation.
Limitation — Causal attribution: Run spend and Git landings are aggregated by completion time in the same week; records do not identify which proof caused or validated which commit. Enrichment: Carry the landing commit identifier on governed attempts and retained tracked-run outcomes.
Limitation — Tracked-run retention: Ordinary tracked runs are represented only while their run records are retained; acknowledged terminal records can be pruned and ungoverned identifiers can be reused. Enrichment: Add a non-prunable terminal ledger for ordinary tracked runs.
Limitation — Window resolution: Delivery follows the repository's counselor cadence, while the signal windows remain completed Coordinated Universal Time calendar weeks and omit the active partial week and empty older weeks. Enrichment: Record finer-grained durable evidence before producing windows shorter than one week.
Limitation — Landing size: Git numstat supplies insertion counts for text paths; binary paths have no insertion count and merge commits may carry no numstat payload. Enrichment: Record byte sizes and an explicit merge-payload attribution rule.

Process versus product compares retained goal-ledger operations and non-carrier record-only landings with concluded goals and product landings.
Classification rule: Goal events are deduplicated by operation identifier. Exact open, edit, claim, and set-budget events plus non-carrier record-only landings are process activities; exact done events plus product landings are product outcomes. A Git landing whose Goal-Transaction trailer matches a counted goal operation is that operation's carrier, is shown separately, and is not counted again. Every other landing is record-only when it changes at least one path and every changed path is under memory/, plans/, or records/. A landing with any other changed path is product, and a landing with no numstat path is unclassified.
During 2026-07-13 through 2026-07-20 (end excluded), the retained goal history recorded 0 open, 0 edit, 0 claim, 0 explicit budget, and 0 done operations; Git landing classes were non-carrier record-only 0, matched goal-operation carrier 0, product 32, and unclassified 0.
Cost: The process-versus-product activity ratio is 0.00, from 0 process activities divided by 32 product outcomes.
During 2026-07-27 through 2026-08-03 (end excluded), the retained goal history recorded 0 open, 0 edit, 0 claim, 0 explicit budget, and 0 done operations; Git landing classes were non-carrier record-only 0, matched goal-operation carrier 0, product 47, and unclassified 0.
Cost: The process-versus-product activity ratio is 0.00, from 0 process activities divided by 47 product outcomes.
During 2026-08-03 through 2026-08-10 (end excluded), the retained goal history recorded 0 open, 0 edit, 0 claim, 0 explicit budget, and 0 done operations; Git landing classes were non-carrier record-only 0, matched goal-operation carrier 0, product 377, and unclassified 15.
Cost: The process-versus-product activity ratio is 0.00, from 0 process activities divided by 377 product outcomes.
During 2026-08-10 through 2026-08-17 (end excluded), the retained goal history recorded 0 open, 0 edit, 0 claim, 0 explicit budget, and 0 done operations; Git landing classes were non-carrier record-only 0, matched goal-operation carrier 0, product 666, and unclassified 0.
Cost: The process-versus-product activity ratio is 0.00, from 0 process activities divided by 666 product outcomes.
During 2026-08-17 through 2026-08-24 (end excluded), the retained goal history recorded 0 open, 0 edit, 0 claim, 0 explicit budget, and 0 done operations; Git landing classes were non-carrier record-only 0, matched goal-operation carrier 0, product 474, and unclassified 4.
Cost: The process-versus-product activity ratio is 0.00, from 0 process activities divided by 474 product outcomes.
During 2026-08-24 through 2026-08-31 (end excluded), the retained goal history recorded 0 open, 0 edit, 0 claim, 0 explicit budget, and 0 done operations; Git landing classes were non-carrier record-only 0, matched goal-operation carrier 0, product 812, and unclassified 4.
Cost: The process-versus-product activity ratio is 0.00, from 0 process activities divided by 812 product outcomes.
During 2026-08-31 through 2026-09-07 (end excluded), the retained goal history recorded 0 open, 0 edit, 0 claim, 0 explicit budget, and 0 done operations; Git landing classes were non-carrier record-only 0, matched goal-operation carrier 0, product 2127, and unclassified 0.
Cost: The process-versus-product activity ratio is 0.00, from 0 process activities divided by 2127 product outcomes.
Limitation — Goal-history evidence: The committed goal tree reported 1 structural problems; only history entries from parsed records were considered. Enrichment: Repair the committed goal tree until its strict tree parser reports no problems.
Limitation — Path classification: The product count is a path proxy: every landing with a path outside memory/, plans/, and records/ is product, so non-code files outside those roots are included. Enrichment: Publish a repository-owned code-path projection and carry it with landing records.
Limitation — Goal-verb coverage: Only exact open, edit, claim, set-budget, and done history verbs are classified. Combined open-claim and every other verb are excluded because history has no closed activity-class field; a claim line also does not reveal an implicit budget. Enrichment: Add a closed activity class to each goal-history event, including combined operations.
Limitation — Goal-history retention: The signal reads retained live, concluded, and legacy goal files; pruning can remove concluded records, so this is not guaranteed all-time activity. Enrichment: Retain an append-only goal-event journal independent of pruned goal files.
Limitation — Register-edit classification: Registers and receipts both resolve under the broad memory/ record root, so register edits cannot be separated from other record-only landings and remain inside that count. Enrichment: Publish a dedicated register path or a durable typed landing class that distinguishes register edits from other records.
Limitation — Cross-source attribution: A matching Goal-Transaction trailer prevents a counted goal operation's carrier commit from being counted twice. A goal-record change without a matching trailer cannot be joined, so a mixed product commit can still contribute both a goal event and a product landing. Enrichment: Require every goal-record mutation to retain its goal operation identifier in the landing commit.
Limitation — Window resolution: Delivery follows the repository's counselor cadence, while the signal windows remain completed Coordinated Universal Time calendar weeks and omit the active partial week and empty older weeks. Enrichment: Record finer-grained durable evidence before producing windows shorter than one week.
Limitation — Goal-carrier reconciliation: 1975 Git landings carried Goal-Transaction identifiers that did not match a classified retained goal operation; those landings were classified by path instead of being silently discarded. Enrichment: Restore the matching retained goal history or add a closed activity class for the operation's verb.

Accepted risk and near-miss register reads records/counselor/accepted-risk-register.jsonl and aggregates valid entries by class.
Counting rule: Blank lines are ignored. Each nonblank line must be exactly one JSON object with only accepted register fields; parse failures, unknown fields, and extra JSON payloads are malformed lines and are excluded. A parsed entry is otherwise valid only when it has schemaVersion 1, a non-empty identifier, an RFC3339 recordedAt timestamp, kind accepted-risk or near-miss, a non-empty class, title, acceptance status, acceptance reason, at least one specimen fact with text and a durable citation whose kind is commit, goal, ruling, job, or record and whose target is non-empty, and at least one review link with one of those kinds and a non-empty target. Entries that fail those required fields are excluded. Duplicate identifiers are checked only after a line passes JSON and required-field validation; every otherwise-valid line with a duplicated identifier is excluded. Each remaining entry counts once, grouped by exact class text after trimming whitespace, with kind accepted-risk incrementing accepted-risk count and kind near-miss incrementing near-miss count.
No accepted risks or near misses were loaded from the durable register.
Limitation — Accepted-risk register evidence: The register is absent at records/counselor/accepted-risk-register.jsonl. Enrichment: Create the append-only register at records/counselor/accepted-risk-register.jsonl with one validated JSON object per line.
Limitation — Accepted-risk register evidence: The register is absent at records/counselor/misclassification-register.jsonl. Enrichment: Create the append-only register at records/counselor/misclassification-register.jsonl with one validated JSON object per line.
